/*C44*/SET SCHEMA PUBLIC
DISCONNECT
/*C45*/SET SCHEMA PUBLIC
DISCONNECT
/*C46*/SET SCHEMA PUBLIC
INSERT INTO DISEASES VALUES('aids',3)
COMMIT
DISCONNECT
/*C47*/SET SCHEMA PUBLIC
create table aids (SYMPTOM varchar(20), IN_DOCS int, CONSTRAINT pk_aids PRIMARY KEY(SYMPTOM))
DISCONNECT
/*C48*/SET SCHEMA PUBLIC
INSERT INTO AIDS VALUES('feverhigh',2)
COMMIT
DISCONNECT
/*C49*/SET SCHEMA PUBLIC
INSERT INTO AIDS VALUES('bloodpressurelow',0)
COMMIT
DISCONNECT
/*C50*/SET SCHEMA PUBLIC
INSERT INTO AIDS VALUES('heartbeatrapid',0)
COMMIT
DISCONNECT
/*C51*/SET SCHEMA PUBLIC
INSERT INTO AIDS VALUES('bloodpressurehigh',0)
COMMIT
DISCONNECT
/*C52*/SET SCHEMA PUBLIC
INSERT INTO AIDS VALUES('coughmild',1)
COMMIT
DISCONNECT
/*C53*/SET SCHEMA PUBLIC
INSERT INTO AIDS VALUES('dizzy',0)
COMMIT
DISCONNECT
/*C54*/SET SCHEMA PUBLIC
INSERT INTO AIDS VALUES('cold',0)
COMMIT
DISCONNECT
/*C55*/SET SCHEMA PUBLIC
INSERT INTO AIDS VALUES('naussea',0)
COMMIT
DISCONNECT
/*C56*/SET SCHEMA PUBLIC
INSERT INTO AIDS VALUES('chestpain',0)
COMMIT
DISCONNECT
/*C57*/SET SCHEMA PUBLIC
INSERT INTO AIDS VALUES('faint',0)
COMMIT
DISCONNECT
/*C58*/SET SCHEMA PUBLIC
INSERT INTO AIDS VALUES('headpain',0)
COMMIT
DISCONNECT
/*C60*/SET SCHEMA PUBLIC
DISCONNECT
/*C61*/SET SCHEMA PUBLIC
INSERT INTO DISEASES VALUES('malaria',3)
COMMIT
DISCONNECT
/*C62*/SET SCHEMA PUBLIC
create table malaria (SYMPTOM varchar(20), IN_DOCS int, CONSTRAINT pk_malaria PRIMARY KEY(SYMPTOM))
DISCONNECT
/*C63*/SET SCHEMA PUBLIC
INSERT INTO MALARIA VALUES('feverhigh',3)
COMMIT
DISCONNECT
/*C64*/SET SCHEMA PUBLIC
INSERT INTO MALARIA VALUES('bloodpressurelow',0)
COMMIT
DISCONNECT
/*C65*/SET SCHEMA PUBLIC
INSERT INTO MALARIA VALUES('heartbeatrapid',0)
COMMIT
DISCONNECT
/*C66*/SET SCHEMA PUBLIC
INSERT INTO MALARIA VALUES('bloodpressurehigh',3)
COMMIT
DISCONNECT
/*C67*/SET SCHEMA PUBLIC
INSERT INTO MALARIA VALUES('coughmild',0)
COMMIT
DISCONNECT
/*C68*/SET SCHEMA PUBLIC
INSERT INTO MALARIA VALUES('dizzy',0)
COMMIT
DISCONNECT
/*C69*/SET SCHEMA PUBLIC
INSERT INTO MALARIA VALUES('cold',0)
COMMIT
DISCONNECT
/*C70*/SET SCHEMA PUBLIC
INSERT INTO MALARIA VALUES('naussea',0)
COMMIT
DISCONNECT
/*C71*/SET SCHEMA PUBLIC
INSERT INTO MALARIA VALUES('chestpain',0)
COMMIT
DISCONNECT
/*C72*/SET SCHEMA PUBLIC
INSERT INTO MALARIA VALUES('faint',0)
COMMIT
DISCONNECT
/*C73*/SET SCHEMA PUBLIC
INSERT INTO MALARIA VALUES('headpain',0)
COMMIT
DISCONNECT
/*C74*/SET SCHEMA PUBLIC
DISCONNECT
/*C75*/SET SCHEMA PUBLIC
DISCONNECT
/*C76*/SET SCHEMA PUBLIC
DISCONNECT
/*C77*/SET SCHEMA PUBLIC
DISCONNECT
/*C78*/SET SCHEMA PUBLIC
DISCONNECT
/*C79*/SET SCHEMA PUBLIC
DISCONNECT
/*C80*/SET SCHEMA PUBLIC
DISCONNECT
/*C81*/SET SCHEMA PUBLIC
DISCONNECT
/*C82*/SET SCHEMA PUBLIC
DISCONNECT
/*C83*/SET SCHEMA PUBLIC
DISCONNECT
/*C84*/SET SCHEMA PUBLIC
DISCONNECT
/*C85*/SET SCHEMA PUBLIC
DISCONNECT
/*C86*/SET SCHEMA PUBLIC
DISCONNECT
/*C87*/SET SCHEMA PUBLIC
DISCONNECT
/*C88*/SET SCHEMA PUBLIC
DISCONNECT
/*C89*/SET SCHEMA PUBLIC
DISCONNECT
/*C90*/SET SCHEMA PUBLIC
DISCONNECT
/*C59*/SET SCHEMA PUBLIC
INSERT INTO EBOLA VALUES('headpain',0)
COMMIT
/*C91*/SET SCHEMA PUBLIC
DISCONNECT
/*C92*/SET SCHEMA PUBLIC
DISCONNECT
/*C93*/SET SCHEMA PUBLIC
DISCONNECT
/*C94*/SET SCHEMA PUBLIC
DISCONNECT
/*C95*/SET SCHEMA PUBLIC
DISCONNECT
/*C96*/SET SCHEMA PUBLIC
DISCONNECT
/*C97*/SET SCHEMA PUBLIC
DISCONNECT
/*C98*/SET SCHEMA PUBLIC
DISCONNECT
/*C99*/SET SCHEMA PUBLIC
DISCONNECT
/*C100*/SET SCHEMA PUBLIC
DISCONNECT
/*C101*/SET SCHEMA PUBLIC
DISCONNECT
/*C102*/SET SCHEMA PUBLIC
DISCONNECT
/*C103*/SET SCHEMA PUBLIC
DISCONNECT
/*C104*/SET SCHEMA PUBLIC
DISCONNECT
/*C105*/SET SCHEMA PUBLIC
DISCONNECT
/*C106*/SET SCHEMA PUBLIC
DISCONNECT
/*C107*/SET SCHEMA PUBLIC
DISCONNECT
/*C108*/SET SCHEMA PUBLIC
DISCONNECT
/*C109*/SET SCHEMA PUBLIC
DISCONNECT
/*C110*/SET SCHEMA PUBLIC
DISCONNECT
/*C111*/SET SCHEMA PUBLIC
DISCONNECT
/*C112*/SET SCHEMA PUBLIC
DISCONNECT
